<!DOCTYPE html><html lang="en"> <head><meta charset="utf-8"><title>Astro Image Processor</title><style>@keyframes aip-placeholder-fade{0%{opacity:1}to{opacity:0}}:root{--aip-placeholder-animation-name: aip-placeholder-hidden}:where(.aip-elm-img){display:inline-block;overflow:clip;vertical-align:middle;background-repeat:no-repeat}:where(.aip-elm-picture){display:inline-block;position:relative;--aip-placeholder-animation-state: paused;background-repeat:no-repeat}:where(.aip-elm-picture):after{display:block;content:"";position:absolute;inset:0;pointer-events:none;opacity:0;animation-name:var(--aip-placeholder-animation-name);animation-duration:1s;animation-fill-mode:forwards;animation-timing-function:ease;animation-play-state:var(--aip-placeholder-animation-state);background-repeat:no-repeat}:where(.aip-elm-container){position:relative;background-repeat:no-repeat}:where(.aip-elm-as-background){position:absolute;inset:0;z-index:-1;width:100%;height:100%;max-width:unset}:where(.aip-elm-img.aip-layout-constrained){max-width:100%;height:auto}:where(.aip-elm-picture.aip-layout-fullWidth){width:100%;height:auto}:where(.aip-elm-img.aip-layout-fullWidth){width:100%;height:auto}:where(.aip-elm-picture.aip-layout-fill){width:100%;height:100%}:where(.aip-elm-img.aip-layout-fill){width:100%;height:100%}.foo[data-astro-cid-j7pv25f6]{position:relative}.bar[data-astro-cid-j7pv25f6]{padding:20px}.baz[data-astro-cid-j7pv25f6]{color:red}
</style><script type="module">document.addEventListener("DOMContentLoaded",()=>{document.documentElement.style.setProperty("--aip-placeholder-animation-name","aip-placeholder-fade")});
</script><style>img[data-astro-aip-b18dae77]{background-size:cover;background-position:50% 50%;background-image:url("data:image/webp;base64,UklGRjIAAABXRUJQVlA4ICYAAADQAgCdASoUABQAP83i624/tzEqKAgD8DmJaQAAPaOgAP7pEAAAAA==")}</style><style>img[data-astro-aip-f8ab039b]{background-color:#666;object-fit:cover}div[data-astro-aip-f8ab039b]{width:512px;aspect-ratio:512 / 384}</style><link rel="preload" as="image" type="image/webp" imagesizes="100vw" imagesrcset="https://example.com/cdn/5e2a3baf876dd6bc9c3e192a8d7db186.webp 0.5x, https://example.com/cdn/45ac5ae235edf0d1a04e424ba5fb806b.webp 1x, https://example.com/cdn/35cbfcbe3029d9d748002859307a682a.webp 2x, https://example.com/cdn/9104278d4724d5ed2f0801d7948ce7c3.webp 3x"><style>img[data-astro-aip-d4bbab61]{background-size:cover;background-position:50% 50%;background-image:var(--aip-blurred-image)}picture[data-astro-aip-d4bbab61]{--aip-blurred-image:url("data:image/webp;base64,UklGRjIAAABXRUJQVlA4ICYAAADwAgCdASoUABQAP83k620/uTGpqAgD8DmJaQAASybQAACDFgAAAA==")}picture[data-astro-aip-d4bbab61]::after{background-image:var(--aip-blurred-image);background-position:50% 50%}@media(max-width: 520px){picture[data-astro-aip-d4bbab61]::after{background-color:#666}}</style><link rel="preload" as="image" type="image/avif" imagesizes="100vw" imagesrcset="https://example.com/cdn/2ad8685b6d73025dffd70bf08466f373.avif 1000w, https://example.com/cdn/aa42252dc6734f14964142129aa1b06d.avif 2000w, https://example.com/cdn/1551a2a6d6b041900edc69d9ad48fe9f.avif 3000w"><link rel="preload" as="image" type="image/avif" media="(max-width: 520px)" imagesizes="(min-width: 500px) 500px, 100vw" imagesrcset="https://example.com/cdn/2ceecec44530035558df5f8ec2237e5f.avif 1x, https://example.com/cdn/048e32e5f5c9e6d42a48475d6c2a0af0.avif 2x, https://example.com/cdn/bd62f7eafb0763d192263b34f7859cfb.avif 3x"><style>img[data-astro-aip-8c2980cb]{background-size:cover;background-position:50% 50%;background-image:var(--aip-blurred-image)}picture[data-astro-aip-8c2980cb]{--aip-blurred-image:url("data:image/webp;base64,UklGRjIAAABXRUJQVlA4ICYAAADwAgCdASoUABQAP83k620/uTGpqAgD8DmJaQAASybQAACDFgAAAA==")}picture[data-astro-aip-8c2980cb]::after{background-image:var(--aip-blurred-image);background-position:50% 50%}div[data-astro-aip-8c2980cb]{width:1000px}@media(max-width: 520px){picture[data-astro-aip-8c2980cb]::after{background-color:#666}}</style><link rel="preload" as="image" type="image/avif" imagesizes="(min-width: 1000px) 1000px, 100vw" imagesrcset="https://example.com/cdn/2ad8685b6d73025dffd70bf08466f373.avif 1000w, https://example.com/cdn/aa42252dc6734f14964142129aa1b06d.avif 2000w, https://example.com/cdn/1551a2a6d6b041900edc69d9ad48fe9f.avif 3000w"><link rel="preload" as="image" type="image/avif" media="(max-width: 520px)" imagesizes="(min-width: 500px) 500px, 100vw" imagesrcset="https://example.com/cdn/2ceecec44530035558df5f8ec2237e5f.avif 1x, https://example.com/cdn/048e32e5f5c9e6d42a48475d6c2a0af0.avif 2x, https://example.com/cdn/bd62f7eafb0763d192263b34f7859cfb.avif 3x"><style>div[data-astro-aip-166b511d]{background-color:rgb(120 120 120);background-image:url("https://example.com/cdn/4bcb5122ec1af50af90828aebf89a4ab.webp");background-image:image-set(url("https://example.com/cdn/dbcc56c647ff4a1aec842734ad51d581.avif") 1x type("image/avif"),url("https://example.com/cdn/13d102aa8965b2565055dede5f8a374e.avif") 2x type("image/avif"),url("https://example.com/cdn/4bcb5122ec1af50af90828aebf89a4ab.webp") 1x type("image/webp"),url("https://example.com/cdn/3038f093b724a9809a182061ee748d12.webp") 2x type("image/webp"));width:512px;background-size:cover;background-position:left top;aspect-ratio:512 / 512}@media(max-width: 768px){div[data-astro-aip-166b511d]{background-image:url("https://example.com/cdn/4bcb5122ec1af50af90828aebf89a4ab.webp");background-image:image-set(url("https://example.com/cdn/dbcc56c647ff4a1aec842734ad51d581.avif") 1x type("image/avif"),url("https://example.com/cdn/13d102aa8965b2565055dede5f8a374e.avif") 2x type("image/avif"),url("https://example.com/cdn/4bcb5122ec1af50af90828aebf89a4ab.webp") 1x type("image/webp"),url("https://example.com/cdn/3038f093b724a9809a182061ee748d12.webp") 2x type("image/webp"));background-color:rgb(120 120 120)}}</style></head> <body> <h1>Astro Image Processor</h1>  <img class="aip-elm-img aip-layout-constrained" alt="Alt text" data-astro-cid-j7pv25f6 src="https://example.com/cdn/ede8fe5c40df76f95f0e364f06c051f5.webp" srcset="https://example.com/cdn/ede8fe5c40df76f95f0e364f06c051f5.webp 1000w" width="1000" height="1000" sizes="(min-width: 1000px) 1000px, 100vw" data-astro-aip-b18dae77> <div aria-hidden="true" data-astro-aip-f8ab039b data-astro-cid-j7pv25f6 class="aip-elm-container aip-layout-constrained"><img class="aip-elm-img aip-elm-as-background" alt="Alt text" data-astro-cid-j7pv25f6 src="https://example.com/cdn/45ac5ae235edf0d1a04e424ba5fb806b.webp" srcset="https://example.com/cdn/5e2a3baf876dd6bc9c3e192a8d7db186.webp 0.5x, https://example.com/cdn/45ac5ae235edf0d1a04e424ba5fb806b.webp 1x, https://example.com/cdn/35cbfcbe3029d9d748002859307a682a.webp 2x, https://example.com/cdn/9104278d4724d5ed2f0801d7948ce7c3.webp 3x" width="512" height="384" sizes="100vw" data-astro-aip-f8ab039b> <p class="foor" data-astro-cid-j7pv25f6>slot</p> </div> <picture class="aip-elm-picture aip-layout-fullWidth" data-astro-aip-d4bbab61 data-astro-cid-j7pv25f6><source srcset="https://example.com/cdn/2ceecec44530035558df5f8ec2237e5f.avif 1x, https://example.com/cdn/048e32e5f5c9e6d42a48475d6c2a0af0.avif 2x, https://example.com/cdn/bd62f7eafb0763d192263b34f7859cfb.avif 3x" sizes="100vw" width="500" height="750" type="image/avif" media="(max-width: 520px)"><source srcset="https://example.com/cdn/07f6bb01ab3f760ea6faad794bb8a5f7.webp 1x, https://example.com/cdn/e6a6fdcaa5fc61af7b376c43ec26f215.webp 2x, https://example.com/cdn/7d8d7ddb37aa5cecceb301999108e4d6.webp 3x" sizes="100vw" width="500" height="750" type="image/webp" media="(max-width: 520px)"><source srcset="https://example.com/cdn/2ad8685b6d73025dffd70bf08466f373.avif 1000w, https://example.com/cdn/aa42252dc6734f14964142129aa1b06d.avif 2000w, https://example.com/cdn/1551a2a6d6b041900edc69d9ad48fe9f.avif 3000w" sizes="100vw" width="1000" height="1000" type="image/avif"><img class="aip-elm-img aip-layout-fullWidth" alt="Astro Image Processor" data-astro-cid-j7pv25f6 src="https://example.com/cdn/beeafc331857b458e1cada00de1b665f.webp" srcset="https://example.com/cdn/beeafc331857b458e1cada00de1b665f.webp 1000w, https://example.com/cdn/ddbe42c7b4ba4c7600c38725c428cec1.webp 2000w, https://example.com/cdn/fb8791adb4f611296f4f445eacab4934.webp 3000w" width="1000" height="1000" sizes="100vw" data-astro-aip-d4bbab61 onload="parentElement.style.setProperty('--aip-placeholder-animation-state', 'running');"></picture> <section data-astro-aip-8c2980cb data-astro-cid-j7pv25f6 class="foo bar"><picture class="aip-elm-picture aip-elm-as-background aip-layout-constrained" data-astro-aip-8c2980cb data-astro-cid-j7pv25f6><source srcset="https://example.com/cdn/2ceecec44530035558df5f8ec2237e5f.avif 1x, https://example.com/cdn/048e32e5f5c9e6d42a48475d6c2a0af0.avif 2x, https://example.com/cdn/bd62f7eafb0763d192263b34f7859cfb.avif 3x" sizes="(min-width: 1000px) 1000px, 100vw" width="500" height="750" type="image/avif" media="(max-width: 520px)"><source srcset="https://example.com/cdn/07f6bb01ab3f760ea6faad794bb8a5f7.webp 1x, https://example.com/cdn/e6a6fdcaa5fc61af7b376c43ec26f215.webp 2x, https://example.com/cdn/7d8d7ddb37aa5cecceb301999108e4d6.webp 3x" sizes="(min-width: 1000px) 1000px, 100vw" width="500" height="750" type="image/webp" media="(max-width: 520px)"><source srcset="https://example.com/cdn/2ad8685b6d73025dffd70bf08466f373.avif 1000w, https://example.com/cdn/aa42252dc6734f14964142129aa1b06d.avif 2000w, https://example.com/cdn/1551a2a6d6b041900edc69d9ad48fe9f.avif 3000w" sizes="(min-width: 1000px) 1000px, 100vw" width="1000" height="1000" type="image/avif"><img class="aip-elm-img aip-elm-as-background" alt="Astro Image Processor" data-astro-cid-j7pv25f6 src="https://example.com/cdn/beeafc331857b458e1cada00de1b665f.webp" srcset="https://example.com/cdn/beeafc331857b458e1cada00de1b665f.webp 1000w, https://example.com/cdn/ddbe42c7b4ba4c7600c38725c428cec1.webp 2000w, https://example.com/cdn/fb8791adb4f611296f4f445eacab4934.webp 3000w" width="1000" height="1000" sizes="(min-width: 1000px) 1000px, 100vw" data-astro-aip-8c2980cb onload="parentElement.style.setProperty('--aip-placeholder-animation-state', 'running');"></picture> <p class="baz" data-astro-cid-j7pv25f6>slot</p> </section> <div data-astro-cid-j7pv25f6 data-astro-aip-166b511d class="aip-elm-background aip-layout-constrained">  <p data-astro-cid-j7pv25f6>slot</p>  </div>    </body></html> 