<!DOCTYPE html><html lang="en"> <head><meta charset="utf-8"><title>Astro Image Processor</title><style>@keyframes aip-placeholder-fade{0%{opacity:1}to{opacity:0}}:root{--aip-placeholder-animation-name: aip-placeholder-hidden}:where(.aip-elm-img){display:inline-block;overflow:clip;contain:paint;vertical-align:middle}:where(.aip-elm-picture){display:inline-block;position:relative;--aip-placeholder-animation-state: paused}:where(.aip-elm-picture):after{display:block;content:"";position:absolute;inset:0;pointer-events:none;opacity:0;animation-name:var(--aip-placeholder-animation-name);animation-duration:1s;animation-fill-mode:forwards;animation-timing-function:ease-in;animation-play-state:var(--aip-placeholder-animation-state)}:where(.aip-elm-container){position:relative}:where(.aip-elm-as-background){position:absolute;inset:0;z-index:-1;width:100%;height:100%;max-width:unset}:where(.aip-elm-img.aip-layout-constrained){max-width:100%;height:auto}:where(.aip-elm-picture.aip-layout-fullWidth){width:100%;height:auto}:where(.aip-elm-img.aip-layout-fullWidth){width:100%;height:auto}:where(.aip-fit-fill){object-fit:fill}:where(.aip-fit-contain){object-fit:contain}:where(.aip-fit-cover){object-fit:cover}:where(.aip-fit-none){object-fit:none}:where(.aip-fit-scale-down){object-fit:scale-down}.foo.astro-j7pv25f6{position:relative}.bar.astro-j7pv25f6{padding:20px}.baz.astro-j7pv25f6{color:red}
</style><script type="module">document.addEventListener("DOMContentLoaded",()=>{document.documentElement.style.setProperty("--aip-placeholder-animation-name","aip-placeholder-fade")});
</script><style>img.astro-aip-ea7e03e0{background-size:cover;background-position:50% 50%;background-image:url("data:image/webp;base64,UklGRjIAAABXRUJQVlA4ICYAAADQAgCdASoUABQAP83i624/tzEqKAgD8DmJaQAAPaOgAP7pEAAAAA==");object-position:50% 50%}</style><style>img.astro-aip-02dea8f2{background-color:#666;object-position:50% 50%}div.astro-aip-02dea8f2{width:512px;aspect-ratio:512 / 384}</style><link rel="preload" as="image" type="image/webp" imagesizes="100vw" imagesrcset="/assets/3000_gray_512x384@0.5x.webp?5e2a3baf 0.5x, /assets/3000_gray_512x384@1x.webp?45ac5ae2 1x, /assets/3000_gray_512x384@2x.webp?35cbfcbe 2x, /assets/3000_gray_512x384@3x.webp?9104278d 3x"><style>img.astro-aip-19b1c0b7{background-size:cover;background-position:50% 50%;background-image:var(--aip-blurred-image);object-position:50% 50%}picture.astro-aip-19b1c0b7{--aip-blurred-image:url("data:image/webp;base64,UklGRjIAAABXRUJQVlA4ICYAAADwAgCdASoUABQAP83k620/uTGpqAgD8DmJaQAASybQAACDFgAAAA==")}picture.astro-aip-19b1c0b7::after{background-size:cover;background-image:var(--aip-blurred-image);background-position:50% 50%}@media(max-width: 520px){picture.astro-aip-19b1c0b7::after{background-color:#666}}</style><link rel="preload" as="image" type="image/avif" imagesizes="(min-width: 3000px) 3000px, 100vw" imagesrcset="/assets/3000_gray_1000x1000@1x.avif?2ad8685b 1x, /assets/3000_gray_1000x1000@2x.avif?aa42252d 2x, /assets/3000_gray_1000x1000@3x.avif?1551a2a6 3x"><link rel="preload" as="image" type="image/avif" media="(max-width: 520px)" imagesizes="(min-width: 1500px) 1500px, 100vw" imagesrcset="/assets/3000_gray_500x750@1x.avif?2ceecec4 1x, /assets/3000_gray_500x750@2x.avif?048e32e5 2x, /assets/3000_gray_500x750@3x.avif?bd62f7ea 3x"><style>img.astro-aip-42959af5{background-size:cover;background-position:50% 50%;background-image:var(--aip-blurred-image);object-position:50% 50%}picture.astro-aip-42959af5{--aip-blurred-image:url("data:image/webp;base64,UklGRjIAAABXRUJQVlA4ICYAAADwAgCdASoUABQAP83k620/uTGpqAgD8DmJaQAASybQAACDFgAAAA==")}picture.astro-aip-42959af5::after{background-size:cover;background-image:var(--aip-blurred-image);background-position:50% 50%}div.astro-aip-42959af5{width:1000px}@media(max-width: 520px){picture.astro-aip-42959af5::after{background-color:#666}}</style><link rel="preload" as="image" type="image/avif" imagesizes="(min-width: 3000px) 3000px, 100vw" imagesrcset="/assets/3000_gray_1000x1000@1x.avif?2ad8685b 1x, /assets/3000_gray_1000x1000@2x.avif?aa42252d 2x, /assets/3000_gray_1000x1000@3x.avif?1551a2a6 3x"><link rel="preload" as="image" type="image/avif" media="(max-width: 520px)" imagesizes="(min-width: 1500px) 1500px, 100vw" imagesrcset="/assets/3000_gray_500x750@1x.avif?2ceecec4 1x, /assets/3000_gray_500x750@2x.avif?048e32e5 2x, /assets/3000_gray_500x750@3x.avif?bd62f7ea 3x"><style>div.astro-aip-166b511d{background-color:rgb(120 120 120);background-image:url("/assets/3000_gray_512x512@1x.webp?4bcb5122");background-image:image-set(url("/assets/3000_gray_512x512@1x.avif?dbcc56c6") 1x type("image/avif"),url("/assets/3000_gray_512x512@2x.avif?13d102aa") 2x type("image/avif"),url("/assets/3000_gray_512x512@1x.webp?4bcb5122") 1x type("image/webp"),url("/assets/3000_gray_512x512@2x.webp?3038f093") 2x type("image/webp"));width:512px;background-size:cover;background-position:left top;aspect-ratio:512 / 512}@media(max-width: 768px){div.astro-aip-166b511d{background-image:url("/assets/3000_gray_512x512@1x.webp?4bcb5122");background-image:image-set(url("/assets/3000_gray_512x512@1x.avif?dbcc56c6") 1x type("image/avif"),url("/assets/3000_gray_512x512@2x.avif?13d102aa") 2x type("image/avif"),url("/assets/3000_gray_512x512@1x.webp?4bcb5122") 1x type("image/webp"),url("/assets/3000_gray_512x512@2x.webp?3038f093") 2x type("image/webp"));background-color:rgb(120 120 120)}}</style></head> <body> <h1>Astro Image Processor</h1>  <img class="astro-j7pv25f6 aip-elm-img astro-aip-ea7e03e0 aip-layout-constrained aip-fit-cover" alt="Alt text" src="/assets/images/foo/bar/3000_white_1000x1000@1x.webp?ede8fe5c" srcset="/assets/images/foo/bar/3000_white_1000x1000@1x.webp?ede8fe5c 1x" width="1000" height="1000" sizes="(min-width: 1000px) 1000px, 100vw"> <div aria-hidden="true" class="aip-elm-container astro-aip-02dea8f2 aip-layout-constrained astro-j7pv25f6"><img class="astro-j7pv25f6 aip-elm-img astro-aip-02dea8f2 aip-fit-cover aip-elm-as-background" alt="Alt text" src="/assets/3000_gray_512x384@1x.webp?45ac5ae2" srcset="/assets/3000_gray_512x384@0.5x.webp?5e2a3baf 0.5x, /assets/3000_gray_512x384@1x.webp?45ac5ae2 1x, /assets/3000_gray_512x384@2x.webp?35cbfcbe 2x, /assets/3000_gray_512x384@3x.webp?9104278d 3x" width="512" height="384" sizes="100vw"> <p class="foor astro-j7pv25f6">slot</p> </div> <picture class="aip-elm-picture astro-aip-19b1c0b7 aip-layout-fullWidth astro-j7pv25f6"><source srcset="/assets/3000_gray_500x750@1x.avif?2ceecec4 1x, /assets/3000_gray_500x750@2x.avif?048e32e5 2x, /assets/3000_gray_500x750@3x.avif?bd62f7ea 3x" width="500" height="750" type="image/avif" media="(max-width: 520px)"><source srcset="/assets/3000_gray_500x750@1x.webp?07f6bb01 1x, /assets/3000_gray_500x750@2x.webp?e6a6fdca 2x, /assets/3000_gray_500x750@3x.webp?7d8d7ddb 3x" width="500" height="750" type="image/webp" media="(max-width: 520px)"><source srcset="/assets/3000_gray_1000x1000@1x.avif?2ad8685b 1x, /assets/3000_gray_1000x1000@2x.avif?aa42252d 2x, /assets/3000_gray_1000x1000@3x.avif?1551a2a6 3x" width="1000" height="1000" type="image/avif"><img class="astro-j7pv25f6 aip-elm-img astro-aip-19b1c0b7 aip-layout-fullWidth aip-fit-cover" alt="Astro Image Processor" src="/assets/3000_gray_1000x1000@1x.webp?beeafc33" srcset="/assets/3000_gray_1000x1000@1x.webp?beeafc33 1x, /assets/3000_gray_1000x1000@2x.webp?ddbe42c7 2x, /assets/3000_gray_1000x1000@3x.webp?fb8791ad 3x" width="1000" height="1000" sizes="(min-width: 3000px) 3000px, 100vw" onload="parentElement.style.setProperty('--aip-placeholder-animation-state', 'running');"></picture> <section class="foo bar"><picture class="aip-elm-picture astro-aip-42959af5 aip-elm-as-background aip-layout-constrained astro-j7pv25f6"><source srcset="/assets/3000_gray_500x750@1x.avif?2ceecec4 1x, /assets/3000_gray_500x750@2x.avif?048e32e5 2x, /assets/3000_gray_500x750@3x.avif?bd62f7ea 3x" width="500" height="750" type="image/avif" media="(max-width: 520px)"><source srcset="/assets/3000_gray_500x750@1x.webp?07f6bb01 1x, /assets/3000_gray_500x750@2x.webp?e6a6fdca 2x, /assets/3000_gray_500x750@3x.webp?7d8d7ddb 3x" width="500" height="750" type="image/webp" media="(max-width: 520px)"><source srcset="/assets/3000_gray_1000x1000@1x.avif?2ad8685b 1x, /assets/3000_gray_1000x1000@2x.avif?aa42252d 2x, /assets/3000_gray_1000x1000@3x.avif?1551a2a6 3x" width="1000" height="1000" type="image/avif"><img class="astro-j7pv25f6 aip-elm-img astro-aip-42959af5 aip-fit-cover aip-elm-as-background" alt="Astro Image Processor" src="/assets/3000_gray_1000x1000@1x.webp?beeafc33" srcset="/assets/3000_gray_1000x1000@1x.webp?beeafc33 1x, /assets/3000_gray_1000x1000@2x.webp?ddbe42c7 2x, /assets/3000_gray_1000x1000@3x.webp?fb8791ad 3x" width="1000" height="1000" sizes="(min-width: 3000px) 3000px, 100vw" onload="parentElement.style.setProperty('--aip-placeholder-animation-state', 'running');"></picture> <p class="baz astro-j7pv25f6">slot</p> </section> <div class="astro-j7pv25f6 aip-elm-background astro-aip-166b511d aip-layout-constrained astro-j7pv25f6">  <p class="astro-j7pv25f6">slot</p>  </div>    </body></html> 